WARNING: A restricted method in java.lang.System has been called
WARNING: java.lang.System::load has been called by org.fusesource.jansi.internal.JansiLoader in an unnamed module (file:/C:/Users/VICTUS/CourseBete/server/tools/apache-maven-3.9.6/lib/jansi-2.4.0.jar)
WARNING: Use --enable-native-access=ALL-UNNAMED to avoid a warning for callers in this module
WARNING: Restricted methods will be blocked in a future release unless native access is enabled

WARNING: A terminally deprecated method in sun.misc.Unsafe has been called
WARNING: sun.misc.Unsafe::objectFieldOffset has been called by com.google.common.util.concurrent.AbstractFuture$UnsafeAtomicHelper (file:/C:/Users/VICTUS/CourseBete/server/tools/apache-maven-3.9.6/lib/guava-32.0.1-jre.jar)
WARNING: Please consider reporting this to the maintainers of class com.google.common.util.concurrent.AbstractFuture$UnsafeAtomicHelper
WARNING: sun.misc.Unsafe::objectFieldOffset will be removed in a future release
[INFO] Scanning for projects...
[INFO] 
[INFO] ---------------------< com.coursebete:server-java >---------------------
[INFO] Building server-java 0.0.1-SNAPSHOT
[INFO]   from pom.xml
[INFO] --------------------------------[ jar ]---------------------------------
[INFO] 
[INFO] --- clean:3.4.0:clean (default-clean) @ server-java ---
[INFO] Deleting C:\Users\VICTUS\CourseBete\server\target
[INFO] 
[INFO] --- resources:3.3.1:resources (default-resources) @ server-java ---
[INFO] Copying 1 resource from src\main\resources to target\classes
[INFO] Copying 0 resource from src\main\resources to target\classes
[INFO] 
[INFO] --- compiler:3.13.0:compile (default-compile) @ server-java ---
[INFO] Recompiling the module because of changed source code.
[INFO] Compiling 31 source files with javac [debug parameters release 17] to target\classes
[INFO] /C:/Users/VICTUS/CourseBete/server/src/main/java/com/coursebete/controller/QuizController.java: C:\Users\VICTUS\CourseBete\server\src\main\java\com\coursebete\controller\QuizController.java uses unchecked or unsafe operations.
[INFO] /C:/Users/VICTUS/CourseBete/server/src/main/java/com/coursebete/controller/QuizController.java: Recompile with -Xlint:unchecked for details.
[INFO] -------------------------------------------------------------
[ERROR] COMPILATION ERROR : 
[INFO] -------------------------------------------------------------
[ERROR] /C:/Users/VICTUS/CourseBete/server/src/main/java/com/coursebete/controller/AuthController.java:[40,61] cannot find symbol
  symbol:   method getEmail()
  location: variable loginRequest of type com.coursebete.dto.request.LoginRequest
[ERROR] /C:/Users/VICTUS/CourseBete/server/src/main/java/com/coursebete/controller/AuthController.java:[40,86] cannot find symbol
  symbol:   method getPassword()
  location: variable loginRequest of type com.coursebete.dto.request.LoginRequest
[ERROR] /C:/Users/VICTUS/CourseBete/server/src/main/java/com/coursebete/controller/AuthController.java:[56,49] cannot find symbol
  symbol:   method getEmail()
  location: variable signUpRequest of type com.coursebete.dto.request.SignupRequest
[ERROR] /C:/Users/VICTUS/CourseBete/server/src/main/java/com/coursebete/controller/AuthController.java:[59,17] constructor MessageResponse in class com.coursebete.dto.response.MessageResponse cannot be applied to given types;
  required: no arguments
  found:    java.lang.String
  reason: actual and formal argument lists differ in length
[ERROR] /C:/Users/VICTUS/CourseBete/server/src/main/java/com/coursebete/controller/AuthController.java:[64,35] cannot find symbol
  symbol:   method getFullName()
  location: variable signUpRequest of type com.coursebete.dto.request.SignupRequest
[ERROR] /C:/Users/VICTUS/CourseBete/server/src/main/java/com/coursebete/controller/AuthController.java:[65,32] cannot find symbol
  symbol:   method getEmail()
  location: variable signUpRequest of type com.coursebete.dto.request.SignupRequest
[ERROR] /C:/Users/VICTUS/CourseBete/server/src/main/java/com/coursebete/controller/AuthController.java:[66,54] cannot find symbol
  symbol:   method getPassword()
  location: variable signUpRequest of type com.coursebete.dto.request.SignupRequest
[ERROR] /C:/Users/VICTUS/CourseBete/server/src/main/java/com/coursebete/controller/AuthController.java:[67,9] cannot find symbol
  symbol:   method setRole(java.lang.String)
  location: variable user of type com.coursebete.model.User
[ERROR] /C:/Users/VICTUS/CourseBete/server/src/main/java/com/coursebete/controller/AuthController.java:[71,30] constructor MessageResponse in class com.coursebete.dto.response.MessageResponse cannot be applied to given types;
  required: no arguments
  found:    java.lang.String
  reason: actual and formal argument lists differ in length
[ERROR] /C:/Users/VICTUS/CourseBete/server/src/main/java/com/coursebete/service/CourseService.java:[48,30] cannot find symbol
  symbol:   method getLesson()
  location: variable qr of type com.coursebete.model.QuizResult
[ERROR] /C:/Users/VICTUS/CourseBete/server/src/main/java/com/coursebete/service/CourseService.java:[49,25] incompatible types: inference variable T has incompatible bounds
    equality constraints: java.lang.Long
    lower bounds: java.lang.Object
[ERROR] /C:/Users/VICTUS/CourseBete/server/src/main/java/com/coursebete/service/CourseService.java:[52,38] cannot find symbol
  symbol:   method getLessons()
  location: variable course of type com.coursebete.model.Course
[ERROR] /C:/Users/VICTUS/CourseBete/server/src/main/java/com/coursebete/service/CourseService.java:[52,68] cannot find symbol
  symbol:   method getLessons()
  location: variable course of type com.coursebete.model.Course
[ERROR] /C:/Users/VICTUS/CourseBete/server/src/main/java/com/coursebete/service/CourseService.java:[55,23] cannot find symbol
  symbol:   method getLessons()
  location: variable course of type com.coursebete.model.Course
[ERROR] /C:/Users/VICTUS/CourseBete/server/src/main/java/com/coursebete/service/CourseService.java:[56,44] cannot find symbol
  symbol:   method getLessons()
  location: variable course of type com.coursebete.model.Course
[ERROR] /C:/Users/VICTUS/CourseBete/server/src/main/java/com/coursebete/service/CourseService.java:[57,56] cannot find symbol
  symbol:   method getId()
  location: variable lesson of type com.coursebete.model.Lesson
[ERROR] /C:/Users/VICTUS/CourseBete/server/src/main/java/com/coursebete/service/CourseService.java:[66,27] cannot find symbol
  symbol:   method getId()
  location: variable course of type com.coursebete.model.Course
[ERROR] /C:/Users/VICTUS/CourseBete/server/src/main/java/com/coursebete/service/CourseService.java:[67,27] cannot find symbol
  symbol:   method getTitle()
  location: variable course of type com.coursebete.model.Course
[ERROR] /C:/Users/VICTUS/CourseBete/server/src/main/java/com/coursebete/service/CourseService.java:[68,27] cannot find symbol
  symbol:   method getDescription()
  location: variable course of type com.coursebete.model.Course
[ERROR] /C:/Users/VICTUS/CourseBete/server/src/main/java/com/coursebete/service/CourseService.java:[69,27] cannot find symbol
  symbol:   method getThumbnailUrl()
  location: variable course of type com.coursebete.model.Course
[ERROR] /C:/Users/VICTUS/CourseBete/server/src/main/java/com/coursebete/service/CourseService.java:[96,32] cannot find symbol
  symbol:   method getTitle()
  location: variable request of type com.coursebete.dto.request.LessonRequest
[ERROR] /C:/Users/VICTUS/CourseBete/server/src/main/java/com/coursebete/service/CourseService.java:[97,35] cannot find symbol
  symbol:   method getVideoUrl()
  location: variable request of type com.coursebete.dto.request.LessonRequest
[ERROR] /C:/Users/VICTUS/CourseBete/server/src/main/java/com/coursebete/service/CourseService.java:[98,38] cannot find symbol
  symbol:   method getContentText()
  location: variable request of type com.coursebete.dto.request.LessonRequest
[ERROR] /C:/Users/VICTUS/CourseBete/server/src/main/java/com/coursebete/service/CourseService.java:[99,32] cannot find symbol
  symbol:   method getOrder()
  location: variable request of type com.coursebete.dto.request.LessonRequest
[ERROR] /C:/Users/VICTUS/CourseBete/server/src/main/java/com/coursebete/service/CourseService.java:[100,15] cannot find symbol
  symbol:   method setCourse(com.coursebete.model.Course)
  location: variable lesson of type com.coursebete.model.Lesson
[ERROR] /C:/Users/VICTUS/CourseBete/server/src/main/java/com/coursebete/service/CourseService.java:[102,43] cannot find symbol
  symbol:   method getQuestions()
  location: variable request of type com.coursebete.dto.request.LessonRequest
[ERROR] /C:/Users/VICTUS/CourseBete/server/src/main/java/com/coursebete/service/CourseService.java:[108,14] cannot find symbol
  symbol:   method setLesson(com.coursebete.model.Lesson)
  location: variable q of type com.coursebete.model.Question
[ERROR] /C:/Users/VICTUS/CourseBete/server/src/main/java/com/coursebete/service/CourseService.java:[112,15] cannot find symbol
  symbol:   method setQuestions(java.util.List<com.coursebete.model.Question>)
  location: variable lesson of type com.coursebete.model.Lesson
[ERROR] /C:/Users/VICTUS/CourseBete/server/src/main/java/com/coursebete/controller/QuizController.java:[53,42] cannot find symbol
  symbol:   method getId()
  location: variable q of type com.coursebete.model.Question
[ERROR] /C:/Users/VICTUS/CourseBete/server/src/main/java/com/coursebete/controller/QuizController.java:[54,34] cannot find symbol
  symbol:   method getId()
  location: variable q of type com.coursebete.model.Question
[ERROR] /C:/Users/VICTUS/CourseBete/server/src/main/java/com/coursebete/controller/QuizController.java:[54,63] cannot find symbol
  symbol:   method getCorrectAnswer()
  location: variable q of type com.coursebete.model.Question
[ERROR] /C:/Users/VICTUS/CourseBete/server/src/main/java/com/coursebete/controller/QuizController.java:[62,19] cannot find symbol
  symbol:   method setUser(com.coursebete.model.User)
  location: variable quizResult of type com.coursebete.model.QuizResult
[ERROR] /C:/Users/VICTUS/CourseBete/server/src/main/java/com/coursebete/controller/QuizController.java:[68,50] cannot find symbol
  symbol:   method getLesson()
  location: class com.coursebete.model.Question
[ERROR] /C:/Users/VICTUS/CourseBete/server/src/main/java/com/coursebete/controller/QuizController.java:[74,19] cannot find symbol
  symbol:   method setScore(double)
  location: variable quizResult of type com.coursebete.model.QuizResult
[ERROR] /C:/Users/VICTUS/CourseBete/server/src/main/java/com/coursebete/controller/QuizController.java:[75,19] cannot find symbol
  symbol:   method setPassed(boolean)
  location: variable quizResult of type com.coursebete.model.QuizResult
[ERROR] /C:/Users/VICTUS/CourseBete/server/src/main/java/com/coursebete/controller/UserController.java:[44,34] cannot find symbol
  symbol:   method getRole()
  location: variable user of type com.coursebete.model.User
[ERROR] /C:/Users/VICTUS/CourseBete/server/src/main/java/com/coursebete/controller/UserController.java:[45,17] cannot find symbol
  symbol:   method setRole(java.lang.String)
  location: variable user of type com.coursebete.model.User
[ERROR] /C:/Users/VICTUS/CourseBete/server/src/main/java/com/coursebete/security/services/UserDetailsImpl.java:[41,99] cannot find symbol
  symbol:   method getRole()
  location: variable user of type com.coursebete.model.User
[ERROR] /C:/Users/VICTUS/CourseBete/server/src/main/java/com/coursebete/security/services/UserDetailsImpl.java:[44,13] cannot find symbol
  symbol:   method getId()
  location: variable user of type com.coursebete.model.User
[ERROR] /C:/Users/VICTUS/CourseBete/server/src/main/java/com/coursebete/security/services/UserDetailsImpl.java:[45,13] cannot find symbol
  symbol:   method getEmail()
  location: variable user of type com.coursebete.model.User
[ERROR] /C:/Users/VICTUS/CourseBete/server/src/main/java/com/coursebete/security/services/UserDetailsImpl.java:[46,13] cannot find symbol
  symbol:   method getPasswordHash()
  location: variable user of type com.coursebete.model.User
[ERROR] /C:/Users/VICTUS/CourseBete/server/src/main/java/com/coursebete/security/services/UserDetailsImpl.java:[47,13] cannot find symbol
  symbol:   method getRole()
  location: variable user of type com.coursebete.model.User
[INFO] 42 errors 
[INFO] -------------------------------------------------------------
[INFO] ------------------------------------------------------------------------
[INFO] BUILD FAILURE
[INFO] ------------------------------------------------------------------------
[INFO] Total time:  3.113 s
[INFO] Finished at: 2026-02-14T00:34:40-08:00
[INFO] ------------------------------------------------------------------------
[ERROR] Failed to execute goal org.apache.maven.plugins:maven-compiler-plugin:3.13.0:compile (default-compile) on project server-java: Compilation failure: Compilation failure: 
[ERROR] /C:/Users/VICTUS/CourseBete/server/src/main/java/com/coursebete/controller/AuthController.java:[40,61] cannot find symbol
[ERROR]   symbol:   method getEmail()
[ERROR]   location: variable loginRequest of type com.coursebete.dto.request.LoginRequest
[ERROR] /C:/Users/VICTUS/CourseBete/server/src/main/java/com/coursebete/controller/AuthController.java:[40,86] cannot find symbol
[ERROR]   symbol:   method getPassword()
[ERROR]   location: variable loginRequest of type com.coursebete.dto.request.LoginRequest
[ERROR] /C:/Users/VICTUS/CourseBete/server/src/main/java/com/coursebete/controller/AuthController.java:[56,49] cannot find symbol
[ERROR]   symbol:   method getEmail()
[ERROR]   location: variable signUpRequest of type com.coursebete.dto.request.SignupRequest
[ERROR] /C:/Users/VICTUS/CourseBete/server/src/main/java/com/coursebete/controller/AuthController.java:[59,17] constructor MessageResponse in class com.coursebete.dto.response.MessageResponse cannot be applied to given types;
[ERROR]   required: no arguments
[ERROR]   found:    java.lang.String
[ERROR]   reason: actual and formal argument lists differ in length
[ERROR] /C:/Users/VICTUS/CourseBete/server/src/main/java/com/coursebete/controller/AuthController.java:[64,35] cannot find symbol
[ERROR]   symbol:   method getFullName()
[ERROR]   location: variable signUpRequest of type com.coursebete.dto.request.SignupRequest
[ERROR] /C:/Users/VICTUS/CourseBete/server/src/main/java/com/coursebete/controller/AuthController.java:[65,32] cannot find symbol
[ERROR]   symbol:   method getEmail()
[ERROR]   location: variable signUpRequest of type com.coursebete.dto.request.SignupRequest
[ERROR] /C:/Users/VICTUS/CourseBete/server/src/main/java/com/coursebete/controller/AuthController.java:[66,54] cannot find symbol
[ERROR]   symbol:   method getPassword()
[ERROR]   location: variable signUpRequest of type com.coursebete.dto.request.SignupRequest
[ERROR] /C:/Users/VICTUS/CourseBete/server/src/main/java/com/coursebete/controller/AuthController.java:[67,9] cannot find symbol
[ERROR]   symbol:   method setRole(java.lang.String)
[ERROR]   location: variable user of type com.coursebete.model.User
[ERROR] /C:/Users/VICTUS/CourseBete/server/src/main/java/com/coursebete/controller/AuthController.java:[71,30] constructor MessageResponse in class com.coursebete.dto.response.MessageResponse cannot be applied to given types;
[ERROR]   required: no arguments
[ERROR]   found:    java.lang.String
[ERROR]   reason: actual and formal argument lists differ in length
[ERROR] /C:/Users/VICTUS/CourseBete/server/src/main/java/com/coursebete/service/CourseService.java:[48,30] cannot find symbol
[ERROR]   symbol:   method getLesson()
[ERROR]   location: variable qr of type com.coursebete.model.QuizResult
[ERROR] /C:/Users/VICTUS/CourseBete/server/src/main/java/com/coursebete/service/CourseService.java:[49,25] incompatible types: inference variable T has incompatible bounds
[ERROR]     equality constraints: java.lang.Long
[ERROR]     lower bounds: java.lang.Object
[ERROR] /C:/Users/VICTUS/CourseBete/server/src/main/java/com/coursebete/service/CourseService.java:[52,38] cannot find symbol
[ERROR]   symbol:   method getLessons()
[ERROR]   location: variable course of type com.coursebete.model.Course
[ERROR] /C:/Users/VICTUS/CourseBete/server/src/main/java/com/coursebete/service/CourseService.java:[52,68] cannot find symbol
[ERROR]   symbol:   method getLessons()
[ERROR]   location: variable course of type com.coursebete.model.Course
[ERROR] /C:/Users/VICTUS/CourseBete/server/src/main/java/com/coursebete/service/CourseService.java:[55,23] cannot find symbol
[ERROR]   symbol:   method getLessons()
[ERROR]   location: variable course of type com.coursebete.model.Course
[ERROR] /C:/Users/VICTUS/CourseBete/server/src/main/java/com/coursebete/service/CourseService.java:[56,44] cannot find symbol
[ERROR]   symbol:   method getLessons()
[ERROR]   location: variable course of type com.coursebete.model.Course
[ERROR] /C:/Users/VICTUS/CourseBete/server/src/main/java/com/coursebete/service/CourseService.java:[57,56] cannot find symbol
[ERROR]   symbol:   method getId()
[ERROR]   location: variable lesson of type com.coursebete.model.Lesson
[ERROR] /C:/Users/VICTUS/CourseBete/server/src/main/java/com/coursebete/service/CourseService.java:[66,27] cannot find symbol
[ERROR]   symbol:   method getId()
[ERROR]   location: variable course of type com.coursebete.model.Course
[ERROR] /C:/Users/VICTUS/CourseBete/server/src/main/java/com/coursebete/service/CourseService.java:[67,27] cannot find symbol
[ERROR]   symbol:   method getTitle()
[ERROR]   location: variable course of type com.coursebete.model.Course
[ERROR] /C:/Users/VICTUS/CourseBete/server/src/main/java/com/coursebete/service/CourseService.java:[68,27] cannot find symbol
[ERROR]   symbol:   method getDescription()
[ERROR]   location: variable course of type com.coursebete.model.Course
[ERROR] /C:/Users/VICTUS/CourseBete/server/src/main/java/com/coursebete/service/CourseService.java:[69,27] cannot find symbol
[ERROR]   symbol:   method getThumbnailUrl()
[ERROR]   location: variable course of type com.coursebete.model.Course
[ERROR] /C:/Users/VICTUS/CourseBete/server/src/main/java/com/coursebete/service/CourseService.java:[96,32] cannot find symbol
[ERROR]   symbol:   method getTitle()
[ERROR]   location: variable request of type com.coursebete.dto.request.LessonRequest
[ERROR] /C:/Users/VICTUS/CourseBete/server/src/main/java/com/coursebete/service/CourseService.java:[97,35] cannot find symbol
[ERROR]   symbol:   method getVideoUrl()
[ERROR]   location: variable request of type com.coursebete.dto.request.LessonRequest
[ERROR] /C:/Users/VICTUS/CourseBete/server/src/main/java/com/coursebete/service/CourseService.java:[98,38] cannot find symbol
[ERROR]   symbol:   method getContentText()
[ERROR]   location: variable request of type com.coursebete.dto.request.LessonRequest
[ERROR] /C:/Users/VICTUS/CourseBete/server/src/main/java/com/coursebete/service/CourseService.java:[99,32] cannot find symbol
[ERROR]   symbol:   method getOrder()
[ERROR]   location: variable request of type com.coursebete.dto.request.LessonRequest
[ERROR] /C:/Users/VICTUS/CourseBete/server/src/main/java/com/coursebete/service/CourseService.java:[100,15] cannot find symbol
[ERROR]   symbol:   method setCourse(com.coursebete.model.Course)
[ERROR]   location: variable lesson of type com.coursebete.model.Lesson
[ERROR] /C:/Users/VICTUS/CourseBete/server/src/main/java/com/coursebete/service/CourseService.java:[102,43] cannot find symbol
[ERROR]   symbol:   method getQuestions()
[ERROR]   location: variable request of type com.coursebete.dto.request.LessonRequest
[ERROR] /C:/Users/VICTUS/CourseBete/server/src/main/java/com/coursebete/service/CourseService.java:[108,14] cannot find symbol
[ERROR]   symbol:   method setLesson(com.coursebete.model.Lesson)
[ERROR]   location: variable q of type com.coursebete.model.Question
[ERROR] /C:/Users/VICTUS/CourseBete/server/src/main/java/com/coursebete/service/CourseService.java:[112,15] cannot find symbol
[ERROR]   symbol:   method setQuestions(java.util.List<com.coursebete.model.Question>)
[ERROR]   location: variable lesson of type com.coursebete.model.Lesson
[ERROR] /C:/Users/VICTUS/CourseBete/server/src/main/java/com/coursebete/controller/QuizController.java:[53,42] cannot find symbol
[ERROR]   symbol:   method getId()
[ERROR]   location: variable q of type com.coursebete.model.Question
[ERROR] /C:/Users/VICTUS/CourseBete/server/src/main/java/com/coursebete/controller/QuizController.java:[54,34] cannot find symbol
[ERROR]   symbol:   method getId()
[ERROR]   location: variable q of type com.coursebete.model.Question
[ERROR] /C:/Users/VICTUS/CourseBete/server/src/main/java/com/coursebete/controller/QuizController.java:[54,63] cannot find symbol
[ERROR]   symbol:   method getCorrectAnswer()
[ERROR]   location: variable q of type com.coursebete.model.Question
[ERROR] /C:/Users/VICTUS/CourseBete/server/src/main/java/com/coursebete/controller/QuizController.java:[62,19] cannot find symbol
[ERROR]   symbol:   method setUser(com.coursebete.model.User)
[ERROR]   location: variable quizResult of type com.coursebete.model.QuizResult
[ERROR] /C:/Users/VICTUS/CourseBete/server/src/main/java/com/coursebete/controller/QuizController.java:[68,50] cannot find symbol
[ERROR]   symbol:   method getLesson()
[ERROR]   location: class com.coursebete.model.Question
[ERROR] /C:/Users/VICTUS/CourseBete/server/src/main/java/com/coursebete/controller/QuizController.java:[74,19] cannot find symbol
[ERROR]   symbol:   method setScore(double)
[ERROR]   location: variable quizResult of type com.coursebete.model.QuizResult
[ERROR] /C:/Users/VICTUS/CourseBete/server/src/main/java/com/coursebete/controller/QuizController.java:[75,19] cannot find symbol
[ERROR]   symbol:   method setPassed(boolean)
[ERROR]   location: variable quizResult of type com.coursebete.model.QuizResult
[ERROR] /C:/Users/VICTUS/CourseBete/server/src/main/java/com/coursebete/controller/UserController.java:[44,34] cannot find symbol
[ERROR]   symbol:   method getRole()
[ERROR]   location: variable user of type com.coursebete.model.User
[ERROR] /C:/Users/VICTUS/CourseBete/server/src/main/java/com/coursebete/controller/UserController.java:[45,17] cannot find symbol
[ERROR]   symbol:   method setRole(java.lang.String)
[ERROR]   location: variable user of type com.coursebete.model.User
[ERROR] /C:/Users/VICTUS/CourseBete/server/src/main/java/com/coursebete/security/services/UserDetailsImpl.java:[41,99] cannot find symbol
[ERROR]   symbol:   method getRole()
[ERROR]   location: variable user of type com.coursebete.model.User
[ERROR] /C:/Users/VICTUS/CourseBete/server/src/main/java/com/coursebete/security/services/UserDetailsImpl.java:[44,13] cannot find symbol
[ERROR]   symbol:   method getId()
[ERROR]   location: variable user of type com.coursebete.model.User
[ERROR] /C:/Users/VICTUS/CourseBete/server/src/main/java/com/coursebete/security/services/UserDetailsImpl.java:[45,13] cannot find symbol
[ERROR]   symbol:   method getEmail()
[ERROR]   location: variable user of type com.coursebete.model.User
[ERROR] /C:/Users/VICTUS/CourseBete/server/src/main/java/com/coursebete/security/services/UserDetailsImpl.java:[46,13] cannot find symbol
[ERROR]   symbol:   method getPasswordHash()
[ERROR]   location: variable user of type com.coursebete.model.User
[ERROR] /C:/Users/VICTUS/CourseBete/server/src/main/java/com/coursebete/security/services/UserDetailsImpl.java:[47,13] cannot find symbol
[ERROR]   symbol:   method getRole()
[ERROR]   location: variable user of type com.coursebete.model.User
[ERROR] -> [Help 1]
[ERROR] 
[ERROR] To see the full stack trace of the errors, re-run Maven with the -e switch.
[ERROR] Re-run Maven using the -X switch to enable full debug logging.
[ERROR] 
[ERROR] For more information about the errors and possible solutions, please read the following articles:
[ERROR] [Help 1] http://cwiki.apache.org/confluence/display/MAVEN/MojoFailureException
