WARNING: A restricted method in java.lang.System has been called
WARNING: java.lang.System::load has been called by org.fusesource.jansi.internal.JansiLoader in an unnamed module (file:/C:/Users/VICTUS/CourseBete/server/tools/apache-maven-3.9.6/lib/jansi-2.4.0.jar)
WARNING: Use --enable-native-access=ALL-UNNAMED to avoid a warning for callers in this module
WARNING: Restricted methods will be blocked in a future release unless native access is enabled

WARNING: A terminally deprecated method in sun.misc.Unsafe has been called
WARNING: sun.misc.Unsafe::objectFieldOffset has been called by com.google.common.util.concurrent.AbstractFuture$UnsafeAtomicHelper (file:/C:/Users/VICTUS/CourseBete/server/tools/apache-maven-3.9.6/lib/guava-32.0.1-jre.jar)
WARNING: Please consider reporting this to the maintainers of class com.google.common.util.concurrent.AbstractFuture$UnsafeAtomicHelper
WARNING: sun.misc.Unsafe::objectFieldOffset will be removed in a future release
[INFO] Scanning for projects...
[INFO] 
[INFO] ---------------------< com.coursebete:server-java >---------------------
[INFO] Building server-java 0.0.1-SNAPSHOT
[INFO]   from pom.xml
[INFO] --------------------------------[ jar ]---------------------------------
[INFO] 
[INFO] --- clean:3.4.0:clean (default-clean) @ server-java ---
[INFO] Deleting C:\Users\VICTUS\CourseBete\server\target
[INFO] 
[INFO] --- resources:3.3.1:resources (default-resources) @ server-java ---
[INFO] Copying 1 resource from src\main\resources to target\classes
[INFO] Copying 0 resource from src\main\resources to target\classes
[INFO] 
[INFO] --- compiler:3.13.0:compile (default-compile) @ server-java ---
[INFO] Recompiling the module because of changed source code.
[INFO] Compiling 31 source files with javac [debug parameters release 17] to target\classes
[INFO] /C:/Users/VICTUS/CourseBete/server/src/main/java/com/coursebete/controller/QuizController.java: C:\Users\VICTUS\CourseBete\server\src\main\java\com\coursebete\controller\QuizController.java uses unchecked or unsafe operations.
[INFO] /C:/Users/VICTUS/CourseBete/server/src/main/java/com/coursebete/controller/QuizController.java: Recompile with -Xlint:unchecked for details.
[INFO] -------------------------------------------------------------
[ERROR] COMPILATION ERROR : 
[INFO] -------------------------------------------------------------
[ERROR] /C:/Users/VICTUS/CourseBete/server/src/main/java/com/coursebete/controller/AuthController.java:[51,37] cannot find symbol
  symbol:   method getRole()
  location: variable userDetails of type com.coursebete.security.services.UserDetailsImpl
[ERROR] /C:/Users/VICTUS/CourseBete/server/src/main/java/com/coursebete/security/jwt/JwtUtils.java:[33,37] cannot find symbol
  symbol:   method getRole()
  location: variable userPrincipal of type com.coursebete.security.services.UserDetailsImpl
[INFO] 2 errors 
[INFO] -------------------------------------------------------------
[INFO] ------------------------------------------------------------------------
[INFO] BUILD FAILURE
[INFO] ------------------------------------------------------------------------
[INFO] Total time:  3.796 s
[INFO] Finished at: 2026-02-14T01:01:54-08:00
[INFO] ------------------------------------------------------------------------
[ERROR] Failed to execute goal org.apache.maven.plugins:maven-compiler-plugin:3.13.0:compile (default-compile) on project server-java: Compilation failure: Compilation failure: 
[ERROR] /C:/Users/VICTUS/CourseBete/server/src/main/java/com/coursebete/controller/AuthController.java:[51,37] cannot find symbol
[ERROR]   symbol:   method getRole()
[ERROR]   location: variable userDetails of type com.coursebete.security.services.UserDetailsImpl
[ERROR] /C:/Users/VICTUS/CourseBete/server/src/main/java/com/coursebete/security/jwt/JwtUtils.java:[33,37] cannot find symbol
[ERROR]   symbol:   method getRole()
[ERROR]   location: variable userPrincipal of type com.coursebete.security.services.UserDetailsImpl
[ERROR] -> [Help 1]
[ERROR] 
[ERROR] To see the full stack trace of the errors, re-run Maven with the -e switch.
[ERROR] Re-run Maven using the -X switch to enable full debug logging.
[ERROR] 
[ERROR] For more information about the errors and possible solutions, please read the following articles:
[ERROR] [Help 1] http://cwiki.apache.org/confluence/display/MAVEN/MojoFailureException
